eddie@eddie-pcmasterrace:~/workplace/a2/Disassembler-For-SIC-XE-Computer$ git branch
* main
eddie@eddie-pcmasterrace:~/workplace/a2/Disassembler-For-SIC-XE-Computer$ git branch --help
eddie@eddie-pcmasterrace:~/workplace/a2/Disassembler-For-SIC-XE-Computer$ git branch -c ModRecordRebuild
eddie@eddie-pcmasterrace:~/workplace/a2/Disassembler-For-SIC-XE-Computer$ git branch
  ModRecordRebuild
* main
eddie@eddie-pcmasterrace:~/workplace/a2/Disassembler-For-SIC-XE-Computer$ git checkout ModRecordRebuild
A       .gitignore
M       CMakeLists.txt
D       ModRecordAux.cpp
D       ModRecordAux.h
A       ModificationRecord.cpp
A       ModificationRecord.h
D       generateModRecord.cpp
D       generateModRecord.h
M       generateReferenceRecord.cpp
M       main.cpp
D       modRecordFormat4.cpp
D       modRecordFormat4.h
D       splitString.cpp
D       splitString.h
Switched to branch 'ModRecordRebuild'
Your branch is behind 'origin/main' by 1 commit, and can be fast-forwarded.
  (use "git pull" to update your local branch)
eddie@eddie-pcmasterrace:~/workplace/a2/Disassembler-For-SIC-XE-Computer$ git branch --help
eddie@eddie-pcmasterrace:~/workplace/a2/Disassembler-For-SIC-XE-Computer$ git status
On branch ModRecordRebuild
Your branch is behind 'origin/main' by 1 commit, and can be fast-forwarded.
  (use "git pull" to update your local branch)

Changes to be committed:
  (use "git restore --staged <file>..." to unstage)
        new file:   .gitignore
        deleted:    ModRecordAux.cpp
        deleted:    ModRecordAux.h
        new file:   ModificationRecord.cpp
        new file:   ModificationRecord.h
        deleted:    generateModRecord.cpp
        deleted:    generateModRecord.h
        deleted:    modRecordFormat4.cpp
        deleted:    modRecordFormat4.h
        deleted:    splitString.cpp
        deleted:    splitString.h

Changes not staged for commit:
  (use "git add <file>..." to update what will be committed)
  (use "git restore <file>..." to discard changes in working directory)
        modified:   CMakeLists.txt
        modified:   ModificationRecord.cpp
        modified:   ModificationRecord.h
        modified:   generateReferenceRecord.cpp
        modified:   main.cpp

Untracked files:
  (use "git add <file>..." to include in what will be committed)
        .idea/

eddie@eddie-pcmasterrace:~/workplace/a2/Disassembler-For-SIC-XE-Computer$ git branch --help
eddie@eddie-pcmasterrace:~/workplace/a2/Disassembler-For-SIC-XE-Computer$  git commit --help
eddie@eddie-pcmasterrace:~/workplace/a2/Disassembler-For-SIC-XE-Computer$ git add --help
eddie@eddie-pcmasterrace:~/workplace/a2/Disassembler-For-SIC-XE-Computer$ git add CMakeLists.txt
eddie@eddie-pcmasterrace:~/workplace/a2/Disassembler-For-SIC-XE-Computer$ git status
On branch ModRecordRebuild
Your branch is behind 'origin/main' by 1 commit, and can be fast-forwarded.
  (use "git pull" to update your local branch)

Changes to be committed:
  (use "git restore --staged <file>..." to unstage)
        new file:   .gitignore
        modified:   CMakeLists.txt
        deleted:    ModRecordAux.cpp
        deleted:    ModRecordAux.h
        new file:   ModificationRecord.cpp
        new file:   ModificationRecord.h
        deleted:    generateModRecord.cpp
        deleted:    generateModRecord.h
        deleted:    modRecordFormat4.cpp
        deleted:    modRecordFormat4.h
        deleted:    splitString.cpp
        deleted:    splitString.h

Changes not staged for commit:
  (use "git add <file>..." to update what will be committed)
  (use "git restore <file>..." to discard changes in working directory)
        modified:   ModificationRecord.cpp
        modified:   ModificationRecord.h
        modified:   generateReferenceRecord.cpp
        modified:   main.cpp

Untracked files:
  (use "git add <file>..." to include in what will be committed)
        .idea/

eddie@eddie-pcmasterrace:~/workplace/a2/Disassembler-For-SIC-XE-Computer$ git add ModificationRecord.cpp
eddie@eddie-pcmasterrace:~/workplace/a2/Disassembler-For-SIC-XE-Computer$ git add ModificationRecord.h
eddie@eddie-pcmasterrace:~/workplace/a2/Disassembler-For-SIC-XE-Computer$ git add generateReferenceRecord.cpp
eddie@eddie-pcmasterrace:~/workplace/a2/Disassembler-For-SIC-XE-Computer$ git add main.cpp
eddie@eddie-pcmasterrace:~/workplace/a2/Disassembler-For-SIC-XE-Computer$ git status
On branch ModRecordRebuild
Your branch is behind 'origin/main' by 1 commit, and can be fast-forwarded.
  (use "git pull" to update your local branch)

Changes to be committed:
  (use "git restore --staged <file>..." to unstage)
        new file:   .gitignore
        modified:   CMakeLists.txt
        deleted:    ModRecordAux.cpp
        deleted:    ModRecordAux.h
        new file:   ModificationRecord.cpp
        new file:   ModificationRecord.h
        deleted:    generateModRecord.cpp
        deleted:    generateModRecord.h
        modified:   generateReferenceRecord.cpp
        modified:   main.cpp
        deleted:    modRecordFormat4.cpp
        deleted:    modRecordFormat4.h
        deleted:    splitString.cpp
        deleted:    splitString.h

Untracked files:
  (use "git add <file>..." to include in what will be committed)
        .idea/

eddie@eddie-pcmasterrace:~/workplace/a2/Disassembler-For-SIC-XE-Computer$ git commit -m 'Updating & debuggging ModRecord'
[ModRecordRebuild 26388ed] Updating & debuggging ModRecord
 14 files changed, 184 insertions(+), 274 deletions(-)
 create mode 100644 .gitignore
 rewrite CMakeLists.txt (68%)
 delete mode 100644 ModRecordAux.cpp
 delete mode 100644 ModRecordAux.h
 create mode 100644 ModificationRecord.cpp
 create mode 100644 ModificationRecord.h
 delete mode 100644 generateModRecord.cpp
 delete mode 100644 generateModRecord.h
 delete mode 100644 modRecordFormat4.cpp
 delete mode 100644 modRecordFormat4.h
 delete mode 100644 splitString.cpp
 delete mode 100644 splitString.h
eddie@eddie-pcmasterrace:~/workplace/a2/Disassembler-For-SIC-XE-Computer$ git staus
git: 'staus' is not a git command. See 'git --help'.

The most similar command is
        status
eddie@eddie-pcmasterrace:~/workplace/a2/Disassembler-For-SIC-XE-Computer$ git status
On branch ModRecordRebuild
Your branch and 'origin/main' have diverged,
and have 1 and 1 different commits each, respectively.
  (use "git pull" to merge the remote branch into yours)

Untracked files:
  (use "git add <file>..." to include in what will be committed)
        .idea/

nothing added to commit but untracked files present (use "git add" to track)
eddie@eddie-pcmasterrace:~/workplace/a2/Disassembler-For-SIC-XE-Computer$ git pull --rebase
Username for 'https://github.com': eddiesdsu
Password for 'https://eddiesdsu@github.com': 
remote: Support for password authentication was removed on August 13, 2021. Please use a personal access token instead.
remote: Please see https://github.blog/2020-12-15-token-authentication-requirements-for-git-operations/ for more information.
fatal: Authentication failed for 'https://github.com/chavester/Disassembler-For-SIC-XE-Computer.git/'
eddie@eddie-pcmasterrace:~/workplace/a2/Disassembler-For-SIC-XE-Computer$ git pull --rebase
Username for 'https://github.com': eddiesdsu
Password for 'https://eddiesdsu@github.com': 
First, rewinding head to replay your work on top of it...
Applying: Updating & debuggging ModRecord
eddie@eddie-pcmasterrace:~/workplace/a2/Disassembler-For-SIC-XE-Computer$ git status
On branch ModRecordRebuild
Your branch is ahead of 'origin/main' by 1 commit.
  (use "git push" to publish your local commits)

Untracked files:
  (use "git add <file>..." to include in what will be committed)
        .idea/

nothing added to commit but untracked files present (use "git add" to track)
eddie@eddie-pcmasterrace:~/workplace/a2/Disassembler-For-SIC-XE-Computer$ git branch
* ModRecordRebuild
  main
eddie@eddie-pcmasterrace:~/workplace/a2/Disassembler-For-SIC-XE-Computer$ git push
fatal: The upstream branch of your current branch does not match
the name of your current branch.  To push to the upstream branch
on the remote, use

    git push origin HEAD:main

To push to the branch of the same name on the remote, use

    git push origin HEAD

To choose either option permanently, see push.default in 'git help config'.
eddie@eddie-pcmasterrace:~/workplace/a2/Disassembler-For-SIC-XE-Computer$ ^C
eddie@eddie-pcmasterrace:~/workplace/a2/Disassembler-For-SIC-XE-Computer$ git branch
* ModRecordRebuild
  main
eddie@eddie-pcmasterrace:~/workplace/a2/Disassembler-For-SIC-XE-Computer$ git branch ModRecordRebuild -u origin/ModRecordRebuild
error: the requested upstream branch 'origin/ModRecordRebuild' does not exist
hint: 
hint: If you are planning on basing your work on an upstream
hint: branch that already exists at the remote, you may need to
hint: run "git fetch" to retrieve it.
hint: 
hint: If you are planning to push out a new local branch that
hint: will track its remote counterpart, you may want to use
hint: "git push -u" to set the upstream config as you push.
eddie@eddie-pcmasterrace:~/workplace/a2/Disassembler-For-SIC-XE-Computer$ git push origin HEAD:ModRecordRebuild
Username for 'https://github.com': eddiesdsu
Password for 'https://eddiesdsu@github.com': 
remote: Support for password authentication was removed on August 13, 2021. Please use a personal access token instead.
remote: Please see https://github.blog/2020-12-15-token-authentication-requirements-for-git-operations/ for more information.
fatal: Authentication failed for 'https://github.com/chavester/Disassembler-For-SIC-XE-Computer.git/'
eddie@eddie-pcmasterrace:~/workplace/a2/Disassembler-For-SIC-XE-Computer$ git push origin HEAD:ModRecordRebuild
Username for 'https://github.com': eddiesdsu
Password for 'https://eddiesdsu@github.com': 
Enumerating objects: 12, done.
Counting objects: 100% (12/12), done.
Delta compression using up to 20 threads
Compressing objects: 100% (7/7), done.
Writing objects: 100% (8/8), 2.05 KiB | 1.03 MiB/s, done.
Total 8 (delta 4), reused 0 (delta 0)
remote: Resolving deltas: 100% (4/4), completed with 4 local objects.
remote: 
remote: Create a pull request for 'ModRecordRebuild' on GitHub by visiting:
remote:      https://github.com/chavester/Disassembler-For-SIC-XE-Computer/pull/new/ModRecordRebuild
remote: 
To https://github.com/chavester/Disassembler-For-SIC-XE-Computer.git
 * [new branch]      HEAD -> ModRecordRebuild
eddie@eddie-pcmasterrace:~/workplace/a2/Disassembler-For-SIC-XE-Computer$ git status
On branch ModRecordRebuild
Your branch is ahead of 'origin/main' by 1 commit.
  (use "git push" to publish your local commits)

Untracked files:
  (use "git add <file>..." to include in what will be committed)
        .idea/

nothing added to commit but untracked files present (use "git add" to track)
eddie@eddie-pcmasterrace:~/workplace/a2/Disassembler-For-SIC-XE-Computer$ 


